// Jest Snapshot v1, https://goo.gl/fbAQLP

exports[`BooleanInput.vue renders correctly 1`] = `
VueWrapper {
  "_emitted": Object {
    "input": Array [
      Array [
        false,
      ],
    ],
  },
  "_emittedByOrder": Array [
    Object {
      "args": Array [
        false,
      ],
      "name": "input",
    },
  ],
  "isFunctionalComponent": undefined,
}
`;
