// Jest Snapshot v1, https://goo.gl/fbAQLP

exports[`ExampleTextWithHighlightedEntitiesInput.vue renders correctly 1`] = `
VueWrapper {
  "_emitted": Object {},
  "_emittedByOrder": Array [],
  "isFunctionalComponent": undefined,
}
`;

exports[`ExampleTextWithHighlightedEntitiesInput.vue set text with entity renders correctly 1`] = `
VueWrapper {
  "_emitted": Object {},
  "_emittedByOrder": Array [],
  "isFunctionalComponent": undefined,
}
`;
