// Jest Snapshot v1, https://goo.gl/fbAQLP

exports[`EntityEdit renders correctly 1`] = `
<div class="entity-edit__entities-list">
  <div class="entity-edit__title entity-edit__entities-list__header">
    <b-loading-stub animation="fade" oncancel="[Function]"></b-loading-stub>
  </div>
  <!---->
  <badges-card-drag-drop-stub title="some specific text" list="[object Object],[object Object],[object Object]" examplescount="3" identifier="ungrouped" examplename=""></badges-card-drag-drop-stub>
  <div>
    <badges-card-drag-drop-stub title="some specific text" list="[object Object],[object Object],[object Object]" examplescount="3" closable="true" identifier="25" examplename="Animal"></badges-card-drag-drop-stub>
    <badges-card-drag-drop-stub title="some specific text" list="[object Object],[object Object],[object Object]" examplescount="3" closable="true" identifier="66" examplename="Flower"></badges-card-drag-drop-stub>
  </div>
  <unnnic-modal text="" scheme="feedback-red" modal-icon="alert-circle-1"><span slot="message"></span>
    <unnnic-button slot="options" type="terciary">
      some specific text
    </unnnic-button>
    <unnnic-button slot="options" type="primary" scheme="feedback-red" class="create-repository__container__button">

    </unnnic-button>
  </unnnic-modal>
</div>
`;
