// Jest Snapshot v1, https://goo.gl/fbAQLP

exports[`RepositoryVersionList.vue renders correctly 1`] = `
<div canedit="true">
  <intent-pagination-stub itemcomponent="[object Object]" list="[object Object]" perpage="5" repository="[object Object]">
    <settings-versions-loading-stub></settings-versions-loading-stub>
  </intent-pagination-stub>
</div>
`;
