// Jest Snapshot v1, https://goo.gl/fbAQLP

exports[`TrainModal.vue add requirements renders correctly 1`] = `<unnnic-modal showmodal="true" text="some specific text" description="some specific text" modalicon="alert-circle-1" scheme="feedback-red" readyfortrain="true" languagesreadyfortrain="[object Object]"></unnnic-modal>`;

exports[`TrainModal.vue add warning renders correctly 1`] = `<unnnic-modal showmodal="true" text="some specific text" description="some specific text" modalicon="alert-circle-1" scheme="feedback-red" readyfortrain="true" languagesreadyfortrain="[object Object]"></unnnic-modal>`;

exports[`TrainModal.vue renders correctly 1`] = `<unnnic-modal showmodal="true" text="some specific text" description="some specific text" modalicon="alert-circle-1" scheme="feedback-red" readyfortrain="true" languagesreadyfortrain="[object Object]"></unnnic-modal>`;
