// Jest Snapshot v1, https://goo.gl/fbAQLP

exports[`MultipleChoice.vue renders correctly 1`] = `<b-taginput-stub expanded="true" icon="label" autocomplete="true" usehtml5validation="true" statusicon="true" value="" data="pt,pt-br,en" hascounter="true" field="display_name" openonfocus="true" closable="true" confirmkeys=",,Tab,Enter" removeonkeys="Backspace" onpasteseparators="," beforeadding="[Function]" createtag="[Function]" clear-on-select=""></b-taginput-stub>`;
